------------------------------------------------------------
Timing Analyzer Summary
------------------------------------------------------------

Type  : Slow 1100mV 85C Model Setup 'clk'
Slack : 8.728
TNS   : 0.000

Type  : Slow 1100mV 85C Model Setup 'altera_reserved_tck'
Slack : 43.350
TNS   : 0.000

Type  : Slow 1100mV 85C Model Hold 'clk'
Slack : -3.280
TNS   : -6.505

Type  : Slow 1100mV 85C Model Hold 'altera_reserved_tck'
Slack : 0.535
TNS   : 0.000

Type  : Slow 1100mV 85C Model Recovery 'clk'
Slack : 13.297
TNS   : 0.000

Type  : Slow 1100mV 85C Model Recovery 'altera_reserved_tck'
Slack : 97.021
TNS   : 0.000

Type  : Slow 1100mV 85C Model Removal 'altera_reserved_tck'
Slack : 0.896
TNS   : 0.000

Type  : Slow 1100mV 85C Model Removal 'clk'
Slack : 2.241
TNS   : 0.000

Type  : Slow 1100mV 85C Model Minimum Pulse Width 'clk'
Slack : 8.898
TNS   : 0.000

Type  : Slow 1100mV 85C Model Minimum Pulse Width 'altera_reserved_tck'
Slack : 48.402
TNS   : 0.000

Type  : Slow 1100mV 0C Model Setup 'clk'
Slack : 8.795
TNS   : 0.000

Type  : Slow 1100mV 0C Model Setup 'altera_reserved_tck'
Slack : 43.498
TNS   : 0.000

Type  : Slow 1100mV 0C Model Hold 'clk'
Slack : -3.298
TNS   : -6.544

Type  : Slow 1100mV 0C Model Hold 'altera_reserved_tck'
Slack : 0.529
TNS   : 0.000

Type  : Slow 1100mV 0C Model Recovery 'clk'
Slack : 13.473
TNS   : 0.000

Type  : Slow 1100mV 0C Model Recovery 'altera_reserved_tck'
Slack : 97.163
TNS   : 0.000

Type  : Slow 1100mV 0C Model Removal 'altera_reserved_tck'
Slack : 0.824
TNS   : 0.000

Type  : Slow 1100mV 0C Model Removal 'clk'
Slack : 2.235
TNS   : 0.000

Type  : Slow 1100mV 0C Model Minimum Pulse Width 'clk'
Slack : 8.927
TNS   : 0.000

Type  : Slow 1100mV 0C Model Minimum Pulse Width 'altera_reserved_tck'
Slack : 48.377
TNS   : 0.000

Type  : Fast 1100mV 85C Model Setup 'clk'
Slack : 9.598
TNS   : 0.000

Type  : Fast 1100mV 85C Model Setup 'altera_reserved_tck'
Slack : 46.391
TNS   : 0.000

Type  : Fast 1100mV 85C Model Hold 'clk'
Slack : -1.810
TNS   : -3.586

Type  : Fast 1100mV 85C Model Hold 'altera_reserved_tck'
Slack : 0.223
TNS   : 0.000

Type  : Fast 1100mV 85C Model Recovery 'clk'
Slack : 16.032
TNS   : 0.000

Type  : Fast 1100mV 85C Model Recovery 'altera_reserved_tck'
Slack : 97.956
TNS   : 0.000

Type  : Fast 1100mV 85C Model Removal 'altera_reserved_tck'
Slack : 0.462
TNS   : 0.000

Type  : Fast 1100mV 85C Model Removal 'clk'
Slack : 1.565
TNS   : 0.000

Type  : Fast 1100mV 85C Model Minimum Pulse Width 'clk'
Slack : 8.508
TNS   : 0.000

Type  : Fast 1100mV 85C Model Minimum Pulse Width 'altera_reserved_tck'
Slack : 48.068
TNS   : 0.000

Type  : Fast 1100mV 0C Model Setup 'clk'
Slack : 9.558
TNS   : 0.000

Type  : Fast 1100mV 0C Model Setup 'altera_reserved_tck'
Slack : 46.881
TNS   : 0.000

Type  : Fast 1100mV 0C Model Hold 'clk'
Slack : -1.782
TNS   : -3.534

Type  : Fast 1100mV 0C Model Hold 'altera_reserved_tck'
Slack : 0.206
TNS   : 0.000

Type  : Fast 1100mV 0C Model Recovery 'clk'
Slack : 16.332
TNS   : 0.000

Type  : Fast 1100mV 0C Model Recovery 'altera_reserved_tck'
Slack : 98.203
TNS   : 0.000

Type  : Fast 1100mV 0C Model Removal 'altera_reserved_tck'
Slack : 0.401
TNS   : 0.000

Type  : Fast 1100mV 0C Model Removal 'clk'
Slack : 1.432
TNS   : 0.000

Type  : Fast 1100mV 0C Model Minimum Pulse Width 'clk'
Slack : 8.461
TNS   : 0.000

Type  : Fast 1100mV 0C Model Minimum Pulse Width 'altera_reserved_tck'
Slack : 48.044
TNS   : 0.000

------------------------------------------------------------
