------------------------------------------------------------
Timing Analyzer Summary
------------------------------------------------------------

Type  : Slow 1100mV 85C Model Setup 'clk'
Slack : 9.823
TNS   : 0.000

Type  : Slow 1100mV 85C Model Setup 'altera_reserved_tck'
Slack : 42.450
TNS   : 0.000

Type  : Slow 1100mV 85C Model Hold 'clk'
Slack : -3.251
TNS   : -6.484

Type  : Slow 1100mV 85C Model Hold 'altera_reserved_tck'
Slack : 0.157
TNS   : 0.000

Type  : Slow 1100mV 85C Model Recovery 'clk'
Slack : 12.017
TNS   : 0.000

Type  : Slow 1100mV 85C Model Recovery 'altera_reserved_tck'
Slack : 97.334
TNS   : 0.000

Type  : Slow 1100mV 85C Model Removal 'altera_reserved_tck'
Slack : 0.829
TNS   : 0.000

Type  : Slow 1100mV 85C Model Removal 'clk'
Slack : 2.800
TNS   : 0.000

Type  : Slow 1100mV 85C Model Minimum Pulse Width 'clk'
Slack : 8.897
TNS   : 0.000

Type  : Slow 1100mV 85C Model Minimum Pulse Width 'altera_reserved_tck'
Slack : 48.774
TNS   : 0.000

Type  : Slow 1100mV 0C Model Setup 'clk'
Slack : 9.899
TNS   : 0.000

Type  : Slow 1100mV 0C Model Setup 'altera_reserved_tck'
Slack : 42.595
TNS   : 0.000

Type  : Slow 1100mV 0C Model Hold 'clk'
Slack : -3.273
TNS   : -6.519

Type  : Slow 1100mV 0C Model Hold 'altera_reserved_tck'
Slack : 0.143
TNS   : 0.000

Type  : Slow 1100mV 0C Model Recovery 'clk'
Slack : 12.260
TNS   : 0.000

Type  : Slow 1100mV 0C Model Recovery 'altera_reserved_tck'
Slack : 97.452
TNS   : 0.000

Type  : Slow 1100mV 0C Model Removal 'altera_reserved_tck'
Slack : 0.773
TNS   : 0.000

Type  : Slow 1100mV 0C Model Removal 'clk'
Slack : 2.720
TNS   : 0.000

Type  : Slow 1100mV 0C Model Minimum Pulse Width 'clk'
Slack : 8.926
TNS   : 0.000

Type  : Slow 1100mV 0C Model Minimum Pulse Width 'altera_reserved_tck'
Slack : 48.798
TNS   : 0.000

Type  : Fast 1100mV 85C Model Setup 'clk'
Slack : 9.597
TNS   : 0.000

Type  : Fast 1100mV 85C Model Setup 'altera_reserved_tck'
Slack : 45.590
TNS   : 0.000

Type  : Fast 1100mV 85C Model Hold 'clk'
Slack : -1.792
TNS   : -3.573

Type  : Fast 1100mV 85C Model Hold 'altera_reserved_tck'
Slack : 0.043
TNS   : 0.000

Type  : Fast 1100mV 85C Model Recovery 'clk'
Slack : 15.120
TNS   : 0.000

Type  : Fast 1100mV 85C Model Recovery 'altera_reserved_tck'
Slack : 98.224
TNS   : 0.000

Type  : Fast 1100mV 85C Model Removal 'altera_reserved_tck'
Slack : 0.417
TNS   : 0.000

Type  : Fast 1100mV 85C Model Removal 'clk'
Slack : 1.900
TNS   : 0.000

Type  : Fast 1100mV 85C Model Minimum Pulse Width 'clk'
Slack : 8.507
TNS   : 0.000

Type  : Fast 1100mV 85C Model Minimum Pulse Width 'altera_reserved_tck'
Slack : 48.528
TNS   : 0.000

Type  : Fast 1100mV 0C Model Setup 'clk'
Slack : 9.558
TNS   : 0.000

Type  : Fast 1100mV 0C Model Setup 'altera_reserved_tck'
Slack : 46.110
TNS   : 0.000

Type  : Fast 1100mV 0C Model Hold 'clk'
Slack : -1.768
TNS   : -3.522

Type  : Fast 1100mV 0C Model Hold 'altera_reserved_tck'
Slack : 0.029
TNS   : 0.000

Type  : Fast 1100mV 0C Model Recovery 'clk'
Slack : 15.528
TNS   : 0.000

Type  : Fast 1100mV 0C Model Recovery 'altera_reserved_tck'
Slack : 98.423
TNS   : 0.000

Type  : Fast 1100mV 0C Model Removal 'altera_reserved_tck'
Slack : 0.368
TNS   : 0.000

Type  : Fast 1100mV 0C Model Removal 'clk'
Slack : 1.700
TNS   : 0.000

Type  : Fast 1100mV 0C Model Minimum Pulse Width 'clk'
Slack : 8.461
TNS   : 0.000

Type  : Fast 1100mV 0C Model Minimum Pulse Width 'altera_reserved_tck'
Slack : 48.538
TNS   : 0.000

------------------------------------------------------------
