------------------------------------------------------------
Timing Analyzer Summary
------------------------------------------------------------

Type  : Slow 1100mV 85C Model Setup 'clk'
Slack : 9.835
TNS   : 0.000

Type  : Slow 1100mV 85C Model Setup 'altera_reserved_tck'
Slack : 43.511
TNS   : 0.000

Type  : Slow 1100mV 85C Model Hold 'clk'
Slack : -3.261
TNS   : -6.494

Type  : Slow 1100mV 85C Model Hold 'altera_reserved_tck'
Slack : 0.543
TNS   : 0.000

Type  : Slow 1100mV 85C Model Recovery 'clk'
Slack : 12.194
TNS   : 0.000

Type  : Slow 1100mV 85C Model Recovery 'altera_reserved_tck'
Slack : 97.418
TNS   : 0.000

Type  : Slow 1100mV 85C Model Removal 'altera_reserved_tck'
Slack : 0.854
TNS   : 0.000

Type  : Slow 1100mV 85C Model Removal 'clk'
Slack : 2.857
TNS   : 0.000

Type  : Slow 1100mV 85C Model Minimum Pulse Width 'clk'
Slack : 8.896
TNS   : 0.000

Type  : Slow 1100mV 85C Model Minimum Pulse Width 'altera_reserved_tck'
Slack : 48.711
TNS   : 0.000

Type  : Slow 1100mV 0C Model Setup 'clk'
Slack : 9.912
TNS   : 0.000

Type  : Slow 1100mV 0C Model Setup 'altera_reserved_tck'
Slack : 43.572
TNS   : 0.000

Type  : Slow 1100mV 0C Model Hold 'clk'
Slack : -3.275
TNS   : -6.523

Type  : Slow 1100mV 0C Model Hold 'altera_reserved_tck'
Slack : 0.509
TNS   : 0.000

Type  : Slow 1100mV 0C Model Recovery 'clk'
Slack : 12.347
TNS   : 0.000

Type  : Slow 1100mV 0C Model Recovery 'altera_reserved_tck'
Slack : 97.530
TNS   : 0.000

Type  : Slow 1100mV 0C Model Removal 'altera_reserved_tck'
Slack : 0.785
TNS   : 0.000

Type  : Slow 1100mV 0C Model Removal 'clk'
Slack : 2.814
TNS   : 0.000

Type  : Slow 1100mV 0C Model Minimum Pulse Width 'clk'
Slack : 8.922
TNS   : 0.000

Type  : Slow 1100mV 0C Model Minimum Pulse Width 'altera_reserved_tck'
Slack : 48.745
TNS   : 0.000

Type  : Fast 1100mV 85C Model Setup 'clk'
Slack : 9.607
TNS   : 0.000

Type  : Fast 1100mV 85C Model Setup 'altera_reserved_tck'
Slack : 46.455
TNS   : 0.000

Type  : Fast 1100mV 85C Model Hold 'clk'
Slack : -1.795
TNS   : -3.578

Type  : Fast 1100mV 85C Model Hold 'altera_reserved_tck'
Slack : 0.203
TNS   : 0.000

Type  : Fast 1100mV 85C Model Recovery 'clk'
Slack : 15.261
TNS   : 0.000

Type  : Fast 1100mV 85C Model Recovery 'altera_reserved_tck'
Slack : 98.352
TNS   : 0.000

Type  : Fast 1100mV 85C Model Removal 'altera_reserved_tck'
Slack : 0.412
TNS   : 0.000

Type  : Fast 1100mV 85C Model Removal 'clk'
Slack : 1.874
TNS   : 0.000

Type  : Fast 1100mV 85C Model Minimum Pulse Width 'clk'
Slack : 8.505
TNS   : 0.000

Type  : Fast 1100mV 85C Model Minimum Pulse Width 'altera_reserved_tck'
Slack : 48.475
TNS   : 0.000

Type  : Fast 1100mV 0C Model Setup 'clk'
Slack : 9.565
TNS   : 0.000

Type  : Fast 1100mV 0C Model Setup 'altera_reserved_tck'
Slack : 46.828
TNS   : 0.000

Type  : Fast 1100mV 0C Model Hold 'clk'
Slack : -1.768
TNS   : -3.526

Type  : Fast 1100mV 0C Model Hold 'altera_reserved_tck'
Slack : 0.171
TNS   : 0.000

Type  : Fast 1100mV 0C Model Recovery 'clk'
Slack : 15.627
TNS   : 0.000

Type  : Fast 1100mV 0C Model Recovery 'altera_reserved_tck'
Slack : 98.531
TNS   : 0.000

Type  : Fast 1100mV 0C Model Removal 'altera_reserved_tck'
Slack : 0.356
TNS   : 0.000

Type  : Fast 1100mV 0C Model Removal 'clk'
Slack : 1.720
TNS   : 0.000

Type  : Fast 1100mV 0C Model Minimum Pulse Width 'clk'
Slack : 8.460
TNS   : 0.000

Type  : Fast 1100mV 0C Model Minimum Pulse Width 'altera_reserved_tck'
Slack : 48.499
TNS   : 0.000

------------------------------------------------------------
